#-----------------------------------------------------------
# Vivado v2022.1 (64-bit)
# SW Build 3526262 on Mon Apr 18 15:48:16 MDT 2022
# IP Build 3524634 on Mon Apr 18 20:55:01 MDT 2022
# Start of session at: Tue Dec 13 10:21:47 2022
# Process ID: 21860
# Current directory: D:/OHM/chula/hw lab/project_lab
# Command line: vivado.exe -gui_launcher_event rodinguilauncherevent9248 D:\OHM\chula\hw lab\project_lab\project_lab.xpr
# Log file: D:/OHM/chula/hw lab/project_lab/vivado.log
# Journal file: D:/OHM/chula/hw lab/project_lab\vivado.jou
# Running On: OHM, OS: Windows, CPU Frequency: 2419 MHz, CPU Physical cores: 4, Host memory: 16867 MB
#-----------------------------------------------------------
start_gui
open_project {D:/OHM/chula/hw lab/project_lab/project_lab.xpr}
update_compile_order -fileset sources_1
export_ip_user_files -of_objects  [get_files {{D:/OHM/chula/hw lab/project_lab/project_lab.srcs/utils_1/imports/synth_1/system.dcp}}] -no_script -reset -force -quiet
remove_files  -fileset utils_1 {{D:/OHM/chula/hw lab/project_lab/project_lab.srcs/utils_1/imports/synth_1/system.dcp}}
reset_run synth_1
launch_runs synth_1 -jobs 4
wait_on_run synth_1
export_ip_user_files -of_objects  [get_files {{D:/OHM/chula/hw lab/project_lab/project_lab.srcs/utils_1/imports/synth_1/system.dcp}}] -no_script -reset -force -quiet
remove_files  -fileset utils_1 {{D:/OHM/chula/hw lab/project_lab/project_lab.srcs/utils_1/imports/synth_1/system.dcp}}
reset_run synth_1
launch_runs synth_1 -jobs 4
wait_on_run synth_1
launch_runs impl_1 -jobs 4
wait_on_run impl_1
launch_runs impl_1 -to_step write_bitstream -jobs 4
wait_on_run impl_1
open_hw_manager
connect_hw_server -allow_non_jtag
open_hw_target
set_property PROGRAM.FILE {D:/OHM/chula/hw lab/project_lab/project_lab.runs/impl_1/system.bit} [get_hw_devices xc7a35t_0]
current_hw_device [get_hw_devices xc7a35t_0]
refresh_hw_device -update_hw_probes false [lindex [get_hw_devices xc7a35t_0] 0]
set_property PROBES.FILE {} [get_hw_devices xc7a35t_0]
set_property FULL_PROBES.FILE {} [get_hw_devices xc7a35t_0]
set_property PROGRAM.FILE {D:/OHM/chula/hw lab/project_lab/project_lab.runs/impl_1/system.bit} [get_hw_devices xc7a35t_0]
program_hw_devices [get_hw_devices xc7a35t_0]
refresh_hw_device [lindex [get_hw_devices xc7a35t_0] 0]
close_hw_manager
reset_run synth_1
export_ip_user_files -of_objects  [get_files {{D:/OHM/chula/hw lab/project_lab/project_lab.srcs/utils_1/imports/synth_1/system.dcp}}] -no_script -reset -force -quiet
remove_files  -fileset utils_1 {{D:/OHM/chula/hw lab/project_lab/project_lab.srcs/utils_1/imports/synth_1/system.dcp}}
launch_runs synth_1 -jobs 4
wait_on_run synth_1
launch_runs impl_1 -jobs 4
wait_on_run impl_1
launch_runs impl_1 -to_step write_bitstream -jobs 4
wait_on_run impl_1
open_hw_manager
connect_hw_server -allow_non_jtag
open_hw_target
set_property PROGRAM.FILE {D:/OHM/chula/hw lab/project_lab/project_lab.runs/impl_1/system.bit} [get_hw_devices xc7a35t_0]
current_hw_device [get_hw_devices xc7a35t_0]
refresh_hw_device -update_hw_probes false [lindex [get_hw_devices xc7a35t_0] 0]
set_property PROBES.FILE {} [get_hw_devices xc7a35t_0]
set_property FULL_PROBES.FILE {} [get_hw_devices xc7a35t_0]
set_property PROGRAM.FILE {D:/OHM/chula/hw lab/project_lab/project_lab.runs/impl_1/system.bit} [get_hw_devices xc7a35t_0]
program_hw_devices [get_hw_devices xc7a35t_0]
refresh_hw_device [lindex [get_hw_devices xc7a35t_0] 0]
close_hw_manager
reset_run synth_1
export_ip_user_files -of_objects  [get_files {{D:/OHM/chula/hw lab/project_lab/project_lab.srcs/utils_1/imports/synth_1/system.dcp}}] -no_script -reset -force -quiet
remove_files  -fileset utils_1 {{D:/OHM/chula/hw lab/project_lab/project_lab.srcs/utils_1/imports/synth_1/system.dcp}}
launch_runs synth_1 -jobs 4
wait_on_run synth_1
reset_run synth_1
launch_runs synth_1 -jobs 4
wait_on_run synth_1
reset_run synth_1
launch_runs synth_1 -jobs 4
wait_on_run synth_1
reset_run synth_1
launch_runs synth_1 -jobs 4
wait_on_run synth_1
launch_runs impl_1 -jobs 4
wait_on_run impl_1
launch_runs impl_1 -to_step write_bitstream -jobs 4
wait_on_run impl_1
reset_run impl_1 -prev_step 
launch_runs impl_1 -to_step write_bitstream -jobs 4
wait_on_run impl_1
reset_run synth_1
export_ip_user_files -of_objects  [get_files {{D:/OHM/chula/hw lab/project_lab/project_lab.srcs/utils_1/imports/synth_1/system.dcp}}] -no_script -reset -force -quiet
remove_files  -fileset utils_1 {{D:/OHM/chula/hw lab/project_lab/project_lab.srcs/utils_1/imports/synth_1/system.dcp}}
launch_runs synth_1 -jobs 4
wait_on_run synth_1
launch_runs impl_1 -jobs 4
wait_on_run impl_1
launch_runs impl_1 -to_step write_bitstream -jobs 4
wait_on_run impl_1
reset_run synth_1
export_ip_user_files -of_objects  [get_files {{D:/OHM/chula/hw lab/project_lab/project_lab.srcs/utils_1/imports/synth_1/system.dcp}}] -no_script -reset -force -quiet
remove_files  -fileset utils_1 {{D:/OHM/chula/hw lab/project_lab/project_lab.srcs/utils_1/imports/synth_1/system.dcp}}
launch_runs synth_1 -jobs 4
wait_on_run synth_1
launch_runs impl_1 -jobs 4
wait_on_run impl_1
launch_runs impl_1 -to_step write_bitstream -jobs 4
wait_on_run impl_1
reset_run synth_1
export_ip_user_files -of_objects  [get_files {{D:/OHM/chula/hw lab/project_lab/project_lab.srcs/utils_1/imports/synth_1/system.dcp}}] -no_script -reset -force -quiet
remove_files  -fileset utils_1 {{D:/OHM/chula/hw lab/project_lab/project_lab.srcs/utils_1/imports/synth_1/system.dcp}}
launch_runs synth_1 -jobs 4
wait_on_run synth_1
launch_runs impl_1 -jobs 4
wait_on_run impl_1
launch_runs impl_1 -to_step write_bitstream -jobs 4
wait_on_run impl_1
reorder_files -fileset constrs_1 -after {D:/OHM/chula/hw lab/project_lab/project_lab.srcs/constrs_1/new/Basys3_Master.xdc} {{D:/OHM/chula/hw lab/project_lab/project_lab.srcs/constrs_1/new/Basys3_Master.xdc}}
reset_run synth_1
export_ip_user_files -of_objects  [get_files {{D:/OHM/chula/hw lab/project_lab/project_lab.srcs/utils_1/imports/synth_1/system.dcp}}] -no_script -reset -force -quiet
remove_files  -fileset utils_1 {{D:/OHM/chula/hw lab/project_lab/project_lab.srcs/utils_1/imports/synth_1/system.dcp}}
launch_runs synth_1 -jobs 4
wait_on_run synth_1
launch_runs impl_1 -jobs 4
wait_on_run impl_1
launch_runs impl_1 -to_step write_bitstream -jobs 4
wait_on_run impl_1
open_hw_manager
connect_hw_server -allow_non_jtag
open_hw_target
set_property PROGRAM.FILE {D:/OHM/chula/hw lab/project_lab/project_lab.runs/impl_1/system.bit} [get_hw_devices xc7a35t_0]
current_hw_device [get_hw_devices xc7a35t_0]
refresh_hw_device -update_hw_probes false [lindex [get_hw_devices xc7a35t_0] 0]
set_property PROBES.FILE {} [get_hw_devices xc7a35t_0]
set_property FULL_PROBES.FILE {} [get_hw_devices xc7a35t_0]
set_property PROGRAM.FILE {D:/OHM/chula/hw lab/project_lab/project_lab.runs/impl_1/system.bit} [get_hw_devices xc7a35t_0]
program_hw_devices [get_hw_devices xc7a35t_0]
refresh_hw_device [lindex [get_hw_devices xc7a35t_0] 0]
reset_run synth_1
close_hw_manager
export_ip_user_files -of_objects  [get_files {{D:/OHM/chula/hw lab/project_lab/project_lab.srcs/utils_1/imports/synth_1/system.dcp}}] -no_script -reset -force -quiet
remove_files  -fileset utils_1 {{D:/OHM/chula/hw lab/project_lab/project_lab.srcs/utils_1/imports/synth_1/system.dcp}}
launch_runs synth_1 -jobs 4
wait_on_run synth_1
launch_runs impl_1 -jobs 4
wait_on_run impl_1
launch_runs impl_1 -to_step write_bitstream -jobs 4
wait_on_run impl_1
open_hw_manager
connect_hw_server -allow_non_jtag
open_hw_target
set_property PROGRAM.FILE {D:/OHM/chula/hw lab/project_lab/project_lab.runs/impl_1/system.bit} [get_hw_devices xc7a35t_0]
current_hw_device [get_hw_devices xc7a35t_0]
refresh_hw_device -update_hw_probes false [lindex [get_hw_devices xc7a35t_0] 0]
set_property PROBES.FILE {} [get_hw_devices xc7a35t_0]
set_property FULL_PROBES.FILE {} [get_hw_devices xc7a35t_0]
set_property PROGRAM.FILE {D:/OHM/chula/hw lab/project_lab/project_lab.runs/impl_1/system.bit} [get_hw_devices xc7a35t_0]
program_hw_devices [get_hw_devices xc7a35t_0]
refresh_hw_device [lindex [get_hw_devices xc7a35t_0] 0]
